
/*x,y,type,walkable*/

0,0,GRASS_3,ALL;1,0,GRASS_3,ALL;2,0,GRASS_3,ALL;3,0,GRASS_3,ALL;4,0,GRASS_3,ALL;5,0,GRASS_3,ALL;6,0,GRASS_3,ALL;7,0,GRASS_3,ALL;8,0,GRASS_3,ALL;9,0,GRASS_3,ALL;
0,1,GRASS_3,ALL;1,1,GRASS_NW_DIRT,ALL;2,1,GRASS_N_S_DIRT,ALL;3,1,GRASS_NE_DIRT,ALL;4,1,GRASS_3,ALL;5,1,GRASS_3,ALL;6,1,GRASS_3,ALL;7,1,GRASS_3,ALL;8,1,GRASS_3,ALL;9,1,GRASS_3,ALL;
0,2,GRASS_3,ALL;1,2,GRASS_W_E_DIRT,ALL;2,2,DIRT,ALL;3,2,GRASS_E_W_DIRT,ALL;4,2,GRASS_3,ALL;5,2,GRASS_3,ALL;6,2,GRASS_3,ALL;7,2,GRASS_3,ALL;8,2,GRASS_3,ALL;9,2,GRASS_3,ALL;
0,3,GRASS_3,ALL;1,3,GRASS_W_E_DIRT,ALL;2,3,DIRT,ALL;3,3,GRASS_E_W_DIRT,ALL;4,3,GRASS_3,ALL;5,3,GRASS_3,ALL;6,3,GRASS_3,ALL;7,3,GRASS_3,ALL;8,3,GRASS_3,ALL;9,3,GRASS_3,ALL;
0,4,GRASS_3,ALL;1,4,GRASS_W_E_DIRT,ALL;2,4,DIRT,ALL;3,4,GRASS_E_W_DIRT,ALL;4,4,GRASS_3,ALL;5,4,GRASS_3,ALL;6,4,GRASS_3,ALL;7,4,GRASS_3,ALL;8,4,GRASS_3,ALL;9,4,GRASS_3,ALL;
0,5,GRASS_3,ALL;1,5,GRASS_W_E_DIRT,ALL;2,5,DIRT,ALL;3,5,GRASS_E_W_DIRT,ALL;4,5,GRASS_3,ALL;5,5,GRASS_3,ALL;6,5,GRASS_3,ALL;7,5,GRASS_3,ALL;8,5,GRASS_3,ALL;9,5,GRASS_3,ALL;
0,6,GRASS_3,ALL;1,6,GRASS_W_E_DIRT,ALL;2,6,DIRT,ALL;3,6,GRASS_E_W_DIRT,ALL;4,6,GRASS_3,ALL;5,6,GRASS_3,ALL;6,6,GRASS_3,ALL;7,6,GRASS_3,ALL;8,6,GRASS_3,ALL;9,6,GRASS_3,ALL;
0,7,GRASS_3,ALL;1,7,GRASS_W_E_DIRT,ALL;2,7,DIRT,ALL;3,7,GRASS_E_W_DIRT,ALL;4,7,GRASS_3,ALL;5,7,GRASS_3,ALL;6,7,GRASS_3,ALL;7,7,GRASS_3,ALL;8,7,GRASS_3,ALL;9,7,GRASS_3,ALL;
0,8,GRASS_3,ALL;1,8,GRASS_W_E_DIRT,ALL;2,8,DIRT,ALL;3,8,GRASS_E_W_DIRT,ALL;4,8,GRASS_3,ALL;5,8,GRASS_3,ALL;6,8,GRASS_3,ALL;7,8,GRASS_3,ALL;8,8,GRASS_3,ALL;9,8,GRASS_3,ALL;
0,9,GRASS_3,ALL;1,9,GRASS_W_E_DIRT,ALL;2,9,DIRT,ALL;3,9,DIRT_SW_GRASS,ALL;4,9,GRASS_NE_DIRT,ALL;5,9,GRASS_3,ALL;6,9,GRASS_3,ALL;7,9,GRASS_3,ALL;8,9,GRASS_3,ALL;9,9,GRASS_3,ALL;
0,10,GRASS_3,ALL;1,10,GRASS_W_E_DIRT,ALL;2,10,DIRT,ALL;3,10,DIRT,EAST;4,10,GRASS_E_W_DIRT,ALL;5,10,GRASS_3,ALL;6,10,GRASS_3,ALL;7,10,GRASS_3,ALL;8,10,GRASS_3,ALL;9,10,GRASS_3,ALL;
0,11,GRASS_3,ALL;1,11,GRASS_W_E_DIRT,ALL;2,11,DIRT,ALL;3,11,DIRT,EAST;4,11,GRASS_E_W_DIRT,ALL;5,11,GRASS_3,ALL;6,11,GRASS_3,ALL;7,11,GRASS_3,ALL;8,11,GRASS_3,ALL;9,11,GRASS_3,ALL;
0,12,GRASS_3,ALL;1,12,GRASS_W_E_DIRT,ALL;2,12,DIRT,ALL;3,12,DIRT,EAST;4,12,GRASS_E_W_DIRT,ALL;5,12,GRASS_3,ALL;6,12,GRASS_3,ALL;7,12,GRASS_3,ALL;8,12,GRASS_3,ALL;9,12,GRASS_3,ALL;
0,13,GRASS_3,ALL;1,13,GRASS_W_E_DIRT,ALL;2,13,DIRT,ALL;3,13,DIRT,EAST;4,13,GRASS_E_W_DIRT,ALL;5,13,GRASS_3,ALL;6,13,GRASS_3,ALL;7,13,GRASS_3,ALL;8,13,GRASS_3,ALL;9,13,GRASS_3,ALL;
0,14,GRASS_3,ALL;1,14,GRASS_W_E_DIRT,ALL;2,14,DIRT,ALL;3,14,DIRT,EAST;4,14,GRASS_E_W_DIRT,ALL;5,14,GRASS_3,ALL;6,14,GRASS_3,ALL;7,14,GRASS_3,ALL;8,14,GRASS_3,ALL;9,14,GRASS_3,ALL;
0,15,GRASS_3,ALL;1,15,GRASS_W_E_DIRT,ALL;2,15,DIRT,ALL;3,15,DIRT,EAST;4,15,GRASS_E_W_DIRT,ALL;5,15,GRASS_3,ALL;6,15,GRASS_3,ALL;7,15,GRASS_3,ALL;8,15,GRASS_3,ALL;9,15,GRASS_3,ALL;
0,16,GRASS_3,ALL;1,16,GRASS_W_E_DIRT,ALL;2,16,DIRT,ALL;3,16,DIRT,EAST;4,16,GRASS_E_W_DIRT,ALL;5,16,GRASS_3,ALL;6,16,GRASS_3,ALL;7,16,GRASS_3,ALL;8,16,GRASS_3,ALL;9,16,GRASS_3,ALL;
0,17,GRASS_3,ALL;1,17,GRASS_W_E_DIRT,ALL;2,17,DIRT,ALL;3,17,DIRT_NW_GRASS,ALL;4,17,GRASS_SE_DIRT,ALL;5,17,GRASS_3,ALL;6,17,GRASS_3,ALL;7,17,GRASS_3,ALL;8,17,GRASS_3,ALL;9,17,GRASS_3,ALL;
0,18,GRASS_3,ALL;1,18,GRASS_W_E_DIRT,ALL;2,18,DIRT,ALL;3,18,GRASS_E_W_DIRT,ALL;4,18,GRASS_3,ALL;5,18,GRASS_3,ALL;6,18,GRASS_3,ALL;7,18,GRASS_3,ALL;8,18,GRASS_3,ALL;9,18,GRASS_3,ALL;
0,19,GRASS_3,ALL;1,19,GRASS_W_E_DIRT,ALL;2,19,DIRT,ALL;3,19,GRASS_E_W_DIRT,ALL;4,19,GRASS_3,ALL;5,19,GRASS_3,ALL;6,19,GRASS_3,ALL;7,19,GRASS_3,ALL;8,19,GRASS_3,ALL;9,19,GRASS_3,ALL;
0,20,GRASS_3,ALL;1,20,GRASS_W_E_DIRT,ALL;2,20,DIRT,ALL;3,20,GRASS_E_W_DIRT,ALL;4,20,GRASS_3,ALL;5,20,GRASS_3,ALL;6,20,GRASS_3,ALL;7,20,GRASS_3,ALL;8,20,GRASS_3,ALL;9,20,GRASS_3,ALL;
0,21,GRASS_3,ALL;1,21,GRASS_W_E_DIRT,ALL;2,21,DIRT,ALL;3,21,GRASS_E_W_DIRT,ALL;4,21,GRASS_3,ALL;5,21,GRASS_3,ALL;6,21,GRASS_3,ALL;7,21,GRASS_3,ALL;8,21,GRASS_3,ALL;9,21,GRASS_3,ALL;
0,22,GRASS_3,ALL;1,22,GRASS_W_E_DIRT,ALL;2,22,DIRT,ALL;3,22,GRASS_E_W_DIRT,ALL;4,22,GRASS_3,ALL;5,22,GRASS_3,ALL;6,22,GRASS_3,ALL;7,22,GRASS_3,ALL;8,22,GRASS_3,ALL;9,22,GRASS_3,ALL;
0,23,GRASS_3,ALL;1,23,GRASS_SW_DIRT,ALL;2,23,GRASS_S_N_DIRT,ALL;3,23,GRASS_SE_DIRT,ALL;4,23,GRASS_3,ALL;5,23,GRASS_3,ALL;6,23,GRASS_3,ALL;7,23,GRASS_3,ALL;8,23,GRASS_3,ALL;9,23,GRASS_3,ALL;
0,24,GRASS_3,ALL;1,24,GRASS_3,ALL;2,24,GRASS_3,ALL;3,24,GRASS_3,ALL;4,24,GRASS_3,ALL;5,24,GRASS_3,ALL;6,24,GRASS_3,ALL;7,24,GRASS_3,ALL;8,24,GRASS_3,ALL;9,24,GRASS_3,ALL;


/*bush&co*/

5,1,TINYBUSH_1,ALL;4,3,TINYBUSH_4,ALL;4,22,TINYBUSH_3,ALL;4,24,TINYBUSH_4,ALL;6,20,TINYBUSH_3,ALL;5,1,TINYBUSH_1,ALL;7,1,TINYBUSH_4,ALL;8,8,TINYBUSH_1,ALL;6,16,TINYBUSH_4,ALL;5,23,TINYBUSH_1,ALL;8,24,TINYBUSH_4,ALL;