
/*x,y,type,walkable*/

0,0,GRASS_3,ALL;1,0,GRASS_3,ALL;2,0,GRASS_3,ALL;3,0,GRASS_3,ALL;4,0,GRASS_3,ALL;5,0,GRASS_3,ALL;6,0,GRASS_3,ALL;7,0,GRASS_3,ALL;8,0,GRASS_3,ALL;9,0,GRASS_3,ALL;10,0,GRASS_3,ALL;11,0,GRASS_3,ALL;12,0,GRASS_3,ALL;13,0,GRASS_3,ALL;14,0,GRASS_3,ALL;15,0,GRASS_3,ALL;16,0,GRASS_3,ALL;17,0,GRASS_3,ALL;18,0,GRASS_3,ALL;19,0,GRASS_3,ALL;20,0,GRASS_3,ALL;21,0,GRASS_3,ALL;22,0,GRASS_3,ALL;23,0,GRASS_3,ALL;24,0,GRASS_3,ALL;
0,1,GRASS_3,ALL;1,1,GRASS_NW_DIRT,ALL;2,1,GRASS_N_S_DIRT,ALL;3,1,GRASS_NE_DIRT,ALL;4,1,GRASS_3,ALL;5,1,GRASS_3,ALL;6,1,GRASS_3,ALL;7,1,GRASS_3,ALL;8,1,GRASS_3,ALL;9,1,GRASS_3,ALL;10,1,GRASS_3,ALL;11,1,GRASS_3,ALL;12,1,GRASS_3,ALL;13,1,GRASS_3,ALL;14,1,GRASS_3,ALL;15,1,GRASS_3,ALL;16,1,GRASS_3,ALL;17,1,GRASS_3,ALL;18,1,GRASS_3,ALL;19,1,GRASS_3,ALL;20,1,GRASS_3,ALL;21,1,GRASS_3,ALL;22,1,GRASS_3,ALL;23,1,GRASS_3,ALL;24,1,GRASS_3,ALL;
0,2,GRASS_3,ALL;1,2,GRASS_W_E_DIRT,ALL;2,2,DIRT,ALL;3,2,GRASS_E_W_DIRT,ALL;4,2,GRASS_3,ALL;5,2,GRASS_3,ALL;6,2,GRASS_3,ALL;7,2,GRASS_3,ALL;8,2,GRASS_3,ALL;9,2,GRASS_3,ALL;10,2,GRASS_3,ALL;11,2,GRASS_3,ALL;12,2,GRASS_3,ALL;13,2,GRASS_3,ALL;14,2,GRASS_3,ALL;15,2,GRASS_3,ALL;16,2,GRASS_3,ALL;17,2,GRASS_3,ALL;18,2,GRASS_3,ALL;19,2,GRASS_3,ALL;20,2,GRASS_3,ALL;21,2,GRASS_3,ALL;22,2,GRASS_3,ALL;23,2,GRASS_3,ALL;24,2,GRASS_3,ALL;
0,3,GRASS_3,ALL;1,3,GRASS_W_E_DIRT,ALL;2,3,DIRT,ALL;3,3,GRASS_E_W_DIRT,ALL;4,3,GRASS_3,ALL;5,3,GRASS_3,ALL;6,3,GRASS_3,ALL;7,3,GRASS_3,ALL;8,3,GRASS_3,ALL;9,3,GRASS_3,ALL;10,3,GRASS_3,ALL;11,3,GRASS_3,ALL;12,3,GRASS_3,ALL;13,3,GRASS_3,ALL;14,3,GRASS_3,ALL;15,3,GRASS_3,ALL;16,3,GRASS_3,ALL;17,3,GRASS_3,ALL;18,3,GRASS_3,ALL;19,3,GRASS_3,ALL;20,3,GRASS_3,ALL;21,3,GRASS_3,ALL;22,3,GRASS_3,ALL;23,3,GRASS_3,ALL;24,3,GRASS_3,ALL;
0,4,GRASS_3,ALL;1,4,GRASS_W_E_DIRT,ALL;2,4,DIRT,ALL;3,4,GRASS_E_W_DIRT,ALL;4,4,GRASS_3,ALL;5,4,GRASS_3,ALL;6,4,GRASS_3,ALL;7,4,GRASS_3,ALL;8,4,GRASS_3,ALL;9,4,GRASS_3,ALL;10,4,GRASS_3,ALL;11,4,GRASS_3,ALL;12,4,GRASS_3,ALL;13,4,GRASS_3,ALL;14,4,GRASS_3,ALL;15,4,GRASS_3,ALL;16,4,GRASS_3,ALL;17,4,GRASS_3,ALL;18,4,GRASS_3,ALL;19,4,GRASS_3,ALL;20,4,GRASS_3,ALL;21,4,GRASS_3,ALL;22,4,GRASS_3,ALL;23,4,GRASS_3,ALL;24,4,GRASS_3,ALL;
0,5,GRASS_3,ALL;1,5,GRASS_W_E_DIRT,ALL;2,5,DIRT,ALL;3,5,GRASS_E_W_DIRT,ALL;4,5,GRASS_3,ALL;5,5,GRASS_3,ALL;6,5,GRASS_3,ALL;7,5,GRASS_3,ALL;8,5,GRASS_3,ALL;9,5,GRASS_3,ALL;10,5,GRASS_3,ALL;11,5,GRASS_3,ALL;12,5,GRASS_3,ALL;13,5,GRASS_3,ALL;14,5,GRASS_3,ALL;15,5,GRASS_3,ALL;16,5,GRASS_3,ALL;17,5,GRASS_3,ALL;18,5,GRASS_3,ALL;19,5,GRASS_3,ALL;20,5,GRASS_3,ALL;21,5,GRASS_3,ALL;22,5,GRASS_3,ALL;23,5,GRASS_3,ALL;24,5,GRASS_3,ALL;
0,6,GRASS_3,ALL;1,6,GRASS_W_E_DIRT,ALL;2,6,DIRT,ALL;3,6,GRASS_E_W_DIRT,ALL;4,6,GRASS_3,ALL;5,6,GRASS_3,ALL;6,6,GRASS_3,ALL;7,6,GRASS_3,ALL;8,6,GRASS_3,ALL;9,6,GRASS_3,ALL;10,6,GRASS_3,ALL;11,6,GRASS_3,ALL;12,6,GRASS_3,ALL;13,6,GRASS_3,ALL;14,6,GRASS_3,ALL;15,6,GRASS_3,ALL;16,6,GRASS_3,ALL;17,6,GRASS_3,ALL;18,6,GRASS_3,ALL;19,6,GRASS_3,ALL;20,6,GRASS_3,ALL;21,6,GRASS_3,ALL;22,6,GRASS_3,ALL;23,6,GRASS_3,ALL;24,6,GRASS_3,ALL;
0,7,GRASS_3,ALL;1,7,GRASS_W_E_DIRT,ALL;2,7,DIRT,ALL;3,7,GRASS_E_W_DIRT,ALL;4,7,GRASS_3,ALL;5,7,GRASS_3,ALL;6,7,GRASS_3,ALL;7,7,GRASS_3,ALL;8,7,GRASS_3,ALL;9,7,GRASS_3,ALL;10,7,GRASS_3,ALL;11,7,GRASS_3,ALL;12,7,GRASS_3,ALL;13,7,GRASS_3,ALL;14,7,GRASS_3,ALL;15,7,GRASS_3,ALL;16,7,GRASS_3,ALL;17,7,GRASS_3,ALL;18,7,GRASS_3,ALL;19,7,GRASS_3,ALL;20,7,GRASS_3,ALL;21,7,GRASS_3,ALL;22,7,GRASS_3,ALL;23,7,GRASS_3,ALL;24,7,GRASS_3,ALL;
0,8,GRASS_3,ALL;1,8,GRASS_W_E_DIRT,ALL;2,8,DIRT,ALL;3,8,GRASS_E_W_DIRT,ALL;4,8,GRASS_3,ALL;5,8,GRASS_3,ALL;6,8,GRASS_3,ALL;7,8,GRASS_3,ALL;8,8,GRASS_3,ALL;9,8,GRASS_3,ALL;10,8,GRASS_3,ALL;11,8,GRASS_3,ALL;12,8,GRASS_3,ALL;13,8,GRASS_3,ALL;14,8,GRASS_3,ALL;15,8,GRASS_3,ALL;16,8,GRASS_3,ALL;17,8,GRASS_3,ALL;18,8,GRASS_3,ALL;19,8,GRASS_3,ALL;20,8,GRASS_3,ALL;21,8,GRASS_3,ALL;22,8,GRASS_3,ALL;23,8,GRASS_3,ALL;24,8,GRASS_3,ALL;
0,9,GRASS_3,ALL;1,9,GRASS_W_E_DIRT,ALL;2,9,DIRT,ALL;3,9,DIRT_SW_GRASS,ALL;4,9,GRASS_NE_DIRT,ALL;5,9,GRASS_3,ALL;6,9,GRASS_3,ALL;7,9,GRASS_3,ALL;8,9,GRASS_3,ALL;9,9,GRASS_3,ALL;10,9,GRASS_3,ALL;11,9,GRASS_3,ALL;12,9,GRASS_3,ALL;13,9,GRASS_3,ALL;14,9,GRASS_3,ALL;15,9,GRASS_3,ALL;16,9,GRASS_3,ALL;17,9,GRASS_3,ALL;18,9,GRASS_3,ALL;19,9,GRASS_3,ALL;20,9,GRASS_3,ALL;21,9,GRASS_3,ALL;22,9,GRASS_3,ALL;23,9,GRASS_3,ALL;24,9,GRASS_3,ALL;
0,10,GRASS_3,ALL;1,10,GRASS_W_E_DIRT,ALL;2,10,DIRT,ALL;3,10,DIRT,EAST;4,10,GRASS_E_W_DIRT,ALL;5,10,GRASS_3,ALL;6,10,GRASS_3,ALL;7,10,GRASS_3,ALL;8,10,GRASS_3,ALL;9,10,GRASS_3,ALL;10,10,GRASS_3,ALL;11,10,GRASS_3,ALL;12,10,GRASS_3,ALL;13,10,GRASS_3,ALL;14,10,GRASS_3,ALL;15,10,GRASS_3,ALL;16,10,GRASS_3,ALL;17,10,GRASS_3,ALL;18,10,GRASS_3,ALL;19,10,GRASS_3,ALL;20,10,GRASS_3,ALL;21,10,GRASS_3,ALL;22,10,GRASS_3,ALL;23,10,GRASS_3,ALL;24,10,GRASS_3,ALL;
0,11,GRASS_3,ALL;1,11,GRASS_W_E_DIRT,ALL;2,11,DIRT,ALL;3,11,DIRT,EAST;4,11,GRASS_E_W_DIRT,ALL;5,11,GRASS_3,ALL;6,11,GRASS_3,ALL;7,11,GRASS_3,ALL;8,11,GRASS_3,ALL;9,11,GRASS_3,ALL;10,11,GRASS_3,ALL;11,11,GRASS_3,ALL;12,11,GRASS_3,ALL;13,11,GRASS_3,ALL;14,11,GRASS_3,ALL;15,11,GRASS_3,ALL;16,11,GRASS_3,ALL;17,11,GRASS_3,ALL;18,11,GRASS_3,ALL;19,11,GRASS_3,ALL;20,11,GRASS_3,ALL;21,11,GRASS_3,ALL;22,11,GRASS_3,ALL;23,11,GRASS_3,ALL;24,11,GRASS_3,ALL;
0,12,GRASS_3,ALL;1,12,GRASS_W_E_DIRT,ALL;2,12,DIRT,ALL;3,12,DIRT,EAST;4,12,GRASS_E_W_DIRT,ALL;5,12,GRASS_3,ALL;6,12,GRASS_3,ALL;7,12,GRASS_3,ALL;8,12,GRASS_3,ALL;9,12,GRASS_3,ALL;10,12,GRASS_3,ALL;11,12,GRASS_3,ALL;12,12,GRASS_3,ALL;13,12,GRASS_3,ALL;14,12,GRASS_3,ALL;15,12,GRASS_3,ALL;16,12,GRASS_3,ALL;17,12,GRASS_3,ALL;18,12,GRASS_3,ALL;19,12,GRASS_3,ALL;20,12,GRASS_3,ALL;21,12,GRASS_3,ALL;22,12,GRASS_3,ALL;23,12,GRASS_3,ALL;24,12,GRASS_3,ALL;
0,13,GRASS_3,ALL;1,13,GRASS_W_E_DIRT,ALL;2,13,DIRT,ALL;3,13,DIRT,EAST;4,13,GRASS_E_W_DIRT,ALL;5,13,GRASS_3,ALL;6,13,GRASS_3,ALL;7,13,GRASS_3,ALL;8,13,GRASS_3,ALL;9,13,GRASS_3,ALL;10,13,GRASS_3,ALL;11,13,GRASS_3,ALL;12,13,GRASS_3,ALL;13,13,GRASS_3,ALL;14,13,GRASS_3,ALL;15,13,GRASS_3,ALL;16,13,GRASS_3,ALL;17,13,GRASS_3,ALL;18,13,GRASS_3,ALL;19,13,GRASS_3,ALL;20,13,GRASS_3,ALL;21,13,GRASS_3,ALL;22,13,GRASS_3,ALL;23,13,GRASS_3,ALL;24,13,GRASS_3,ALL;
0,14,GRASS_3,ALL;1,14,GRASS_W_E_DIRT,ALL;2,14,DIRT,ALL;3,14,DIRT,EAST;4,14,GRASS_E_W_DIRT,ALL;5,14,GRASS_3,ALL;6,14,GRASS_3,ALL;7,14,GRASS_3,ALL;8,14,GRASS_3,ALL;9,14,GRASS_3,ALL;10,14,GRASS_3,ALL;11,14,GRASS_3,ALL;12,14,GRASS_3,ALL;13,14,GRASS_3,ALL;14,14,GRASS_3,ALL;15,14,GRASS_3,ALL;16,14,GRASS_3,ALL;17,14,GRASS_3,ALL;18,14,GRASS_3,ALL;19,14,GRASS_3,ALL;20,14,GRASS_3,ALL;21,14,GRASS_3,ALL;22,14,GRASS_3,ALL;23,14,GRASS_3,ALL;24,14,GRASS_3,ALL;
0,15,GRASS_3,ALL;1,15,GRASS_W_E_DIRT,ALL;2,15,DIRT,ALL;3,15,DIRT,EAST;4,15,GRASS_E_W_DIRT,ALL;5,15,GRASS_3,ALL;6,15,GRASS_3,ALL;7,15,GRASS_3,ALL;8,15,GRASS_3,ALL;9,15,GRASS_3,ALL;10,15,GRASS_3,ALL;11,15,GRASS_3,ALL;12,15,GRASS_3,ALL;13,15,GRASS_3,ALL;14,15,GRASS_3,ALL;15,15,GRASS_3,ALL;16,15,GRASS_3,ALL;17,15,GRASS_3,ALL;18,15,GRASS_3,ALL;19,15,GRASS_3,ALL;20,15,GRASS_3,ALL;21,15,GRASS_3,ALL;22,15,GRASS_3,ALL;23,15,GRASS_3,ALL;24,15,GRASS_3,ALL;
0,16,GRASS_3,ALL;1,16,GRASS_W_E_DIRT,ALL;2,16,DIRT,ALL;3,16,DIRT,EAST;4,16,GRASS_E_W_DIRT,ALL;5,16,GRASS_3,ALL;6,16,GRASS_3,ALL;7,16,GRASS_3,ALL;8,16,GRASS_3,ALL;9,16,GRASS_3,ALL;10,16,GRASS_3,ALL;11,16,GRASS_3,ALL;12,16,GRASS_3,ALL;13,16,GRASS_3,ALL;14,16,GRASS_3,ALL;15,16,GRASS_3,ALL;16,16,GRASS_3,ALL;17,16,GRASS_3,ALL;18,16,GRASS_3,ALL;19,16,GRASS_3,ALL;20,16,GRASS_3,ALL;21,16,GRASS_3,ALL;22,16,GRASS_3,ALL;23,16,GRASS_3,ALL;24,16,GRASS_3,ALL;
0,17,GRASS_3,ALL;1,17,GRASS_W_E_DIRT,ALL;2,17,DIRT,ALL;3,17,DIRT_NW_GRASS,ALL;4,17,GRASS_SE_DIRT,ALL;5,17,GRASS_3,ALL;6,17,GRASS_3,ALL;7,17,GRASS_3,ALL;8,17,GRASS_3,ALL;9,17,GRASS_3,ALL;10,17,GRASS_3,ALL;11,17,GRASS_3,ALL;12,17,GRASS_3,ALL;13,17,GRASS_3,ALL;14,17,GRASS_3,ALL;15,17,GRASS_3,ALL;16,17,GRASS_3,ALL;17,17,GRASS_3,ALL;18,17,GRASS_3,ALL;19,17,GRASS_3,ALL;20,17,GRASS_3,ALL;21,17,GRASS_3,ALL;22,17,GRASS_3,ALL;23,17,GRASS_3,ALL;24,17,GRASS_3,ALL;
0,18,GRASS_3,ALL;1,18,GRASS_W_E_DIRT,ALL;2,18,DIRT,ALL;3,18,GRASS_E_W_DIRT,ALL;4,18,GRASS_3,ALL;5,18,GRASS_3,ALL;6,18,GRASS_3,ALL;7,18,GRASS_3,ALL;8,18,GRASS_3,ALL;9,18,GRASS_3,ALL;10,18,GRASS_3,ALL;11,18,GRASS_3,ALL;12,18,GRASS_3,ALL;13,18,GRASS_3,ALL;14,18,GRASS_3,ALL;15,18,GRASS_3,ALL;16,18,GRASS_3,ALL;17,18,GRASS_3,ALL;18,18,GRASS_3,ALL;19,18,GRASS_3,ALL;20,18,GRASS_3,ALL;21,18,GRASS_3,ALL;22,18,GRASS_3,ALL;23,18,GRASS_3,ALL;24,18,GRASS_3,ALL;
0,19,GRASS_3,ALL;1,19,GRASS_W_E_DIRT,ALL;2,19,DIRT,ALL;3,19,GRASS_E_W_DIRT,ALL;4,19,GRASS_3,ALL;5,19,GRASS_3,ALL;6,19,GRASS_3,ALL;7,19,GRASS_3,ALL;8,19,GRASS_3,ALL;9,19,GRASS_3,ALL;10,19,GRASS_3,ALL;11,19,GRASS_3,ALL;12,19,GRASS_3,ALL;13,19,GRASS_3,ALL;14,19,GRASS_3,ALL;15,19,GRASS_3,ALL;16,19,GRASS_3,ALL;17,19,GRASS_3,ALL;18,19,GRASS_3,ALL;19,19,GRASS_3,ALL;20,19,GRASS_3,ALL;21,19,GRASS_3,ALL;22,19,GRASS_3,ALL;23,19,GRASS_3,ALL;24,19,GRASS_3,ALL;
0,20,GRASS_3,ALL;1,20,GRASS_W_E_DIRT,ALL;2,20,DIRT,ALL;3,20,GRASS_E_W_DIRT,ALL;4,20,GRASS_3,ALL;5,20,GRASS_3,ALL;6,20,GRASS_3,ALL;7,20,GRASS_3,ALL;8,20,GRASS_3,ALL;9,20,GRASS_3,ALL;10,20,GRASS_3,ALL;11,20,GRASS_3,ALL;12,20,GRASS_3,ALL;13,20,GRASS_3,ALL;14,20,GRASS_3,ALL;15,20,GRASS_3,ALL;16,20,GRASS_3,ALL;17,20,GRASS_3,ALL;18,20,GRASS_3,ALL;19,20,GRASS_3,ALL;20,20,GRASS_3,ALL;21,20,GRASS_3,ALL;22,20,GRASS_3,ALL;23,20,GRASS_3,ALL;24,20,GRASS_3,ALL;
0,21,GRASS_3,ALL;1,21,GRASS_W_E_DIRT,ALL;2,21,DIRT,ALL;3,21,GRASS_E_W_DIRT,ALL;4,21,GRASS_3,ALL;5,21,GRASS_3,ALL;6,21,GRASS_3,ALL;7,21,GRASS_3,ALL;8,21,GRASS_3,ALL;9,21,GRASS_3,ALL;10,21,GRASS_3,ALL;11,21,GRASS_3,ALL;12,21,GRASS_3,ALL;13,21,GRASS_3,ALL;14,21,GRASS_3,ALL;15,21,GRASS_3,ALL;16,21,GRASS_3,ALL;17,21,GRASS_3,ALL;18,21,GRASS_3,ALL;19,21,GRASS_3,ALL;20,21,GRASS_3,ALL;21,21,GRASS_3,ALL;22,21,GRASS_3,ALL;23,21,GRASS_3,ALL;24,21,GRASS_3,ALL;
0,22,GRASS_3,ALL;1,22,GRASS_W_E_DIRT,ALL;2,22,DIRT,ALL;3,22,GRASS_E_W_DIRT,ALL;4,22,GRASS_3,ALL;5,22,GRASS_3,ALL;6,22,GRASS_3,ALL;7,22,GRASS_3,ALL;8,22,GRASS_3,ALL;9,22,GRASS_3,ALL;10,22,GRASS_3,ALL;11,22,GRASS_3,ALL;12,22,GRASS_3,ALL;13,22,GRASS_3,ALL;14,22,GRASS_3,ALL;15,22,GRASS_3,ALL;16,22,GRASS_3,ALL;17,22,GRASS_3,ALL;18,22,GRASS_3,ALL;19,22,GRASS_3,ALL;20,22,GRASS_3,ALL;21,22,GRASS_3,ALL;22,22,GRASS_3,ALL;23,22,GRASS_3,ALL;24,22,GRASS_3,ALL;
0,23,GRASS_3,ALL;1,23,GRASS_SW_DIRT,ALL;2,23,GRASS_S_N_DIRT,ALL;3,23,GRASS_SE_DIRT,ALL;4,23,GRASS_3,ALL;5,23,GRASS_3,ALL;6,23,GRASS_3,ALL;7,23,GRASS_3,ALL;8,23,GRASS_3,ALL;9,23,GRASS_3,ALL;10,23,GRASS_3,ALL;11,23,GRASS_3,ALL;12,23,GRASS_3,ALL;12,23,GRASS_3,ALL;13,23,GRASS_3,ALL;14,23,GRASS_3,ALL;15,23,GRASS_3,ALL;16,23,GRASS_3,ALL;17,23,GRASS_3,ALL;18,23,GRASS_3,ALL;19,23,GRASS_3,ALL;20,23,GRASS_3,ALL;21,23,GRASS_3,ALL;22,23,GRASS_3,ALL;23,23,GRASS_3,ALL;24,23,GRASS_3,ALL;
0,24,GRASS_3,ALL;1,24,GRASS_3,ALL;2,24,GRASS_3,ALL;3,24,GRASS_3,ALL;4,24,GRASS_3,ALL;5,24,GRASS_3,ALL;6,24,GRASS_3,ALL;7,24,GRASS_3,ALL;8,24,GRASS_3,ALL;9,24,GRASS_3,ALL;10,24,GRASS_3,ALL;11,24,GRASS_3,ALL;12,24,GRASS_3,ALL;13,24,GRASS_3,ALL;14,24,GRASS_3,ALL;15,24,GRASS_3,ALL;16,24,GRASS_3,ALL;17,24,GRASS_3,ALL;18,24,GRASS_3,ALL;19,24,GRASS_3,ALL;20,24,GRASS_3,ALL;21,24,GRASS_3,ALL;22,24,GRASS_3,ALL;23,24,GRASS_3,ALL;24,24,GRASS_3,ALL;


/*bush&co*/

5,1,TINYBUSH_1,ALL;4,3,TINYBUSH_4,ALL;4,22,TINYBUSH_3,ALL;4,24,TINYBUSH_4,ALL;6,20,TINYBUSH_3,ALL;5,1,TINYBUSH_1,ALL;7,1,TINYBUSH_4,ALL;8,8,TINYBUSH_1,ALL;6,16,TINYBUSH_4,ALL;5,23,TINYBUSH_1,ALL;8,24,TINYBUSH_4,ALL;